src/features/marketplace/pages/MarketplacePage.tsx(559,23): error TS2304: Cannot find name 'setSelectedContext'.
src/shared/ui/ApiErrorBanner.tsx(22,5): error TS6133: 'selectorContext' is declared but its value is never read.
